// Jest Snapshot v1, https://goo.gl/fbAQLP

exports[`main reducer should return initialState as default 1`] = `
Object {
  "clientId": "",
  "events": Array [
    Object {
      "timestamp": 1487076708000,
      "value": "INFO - Starting Eclipse Paho JavaScript Utility.",
    },
  ],
  "host": "",
  "path": "",
  "port": 0,
}
`;
